// Vitest Snapshot v1, https://vitest.dev/guide/snapshot.html

exports[`createArticle > should match article snapshot 1`] = `
{
  "document": {
    "content": [],
    "language": "sv-se",
    "links": [],
    "meta": [
      {
        "content": [],
        "contenttype": "",
        "data": {
          "end_date": "2025-02-14",
          "public": "true",
          "start_date": "2025-02-14",
          "tentative": "false",
        },
        "id": "",
        "links": [],
        "meta": [],
        "name": "",
        "rel": "",
        "role": "",
        "sensitivity": "",
        "title": "",
        "type": "core/planning-item",
        "uri": "",
        "url": "",
        "uuid": "",
        "value": "",
      },
      {
        "content": [],
        "contenttype": "",
        "data": {},
        "id": "",
        "links": [],
        "meta": [],
        "name": "",
        "rel": "",
        "role": "",
        "sensitivity": "",
        "title": "",
        "type": "core/newsvalue",
        "uri": "",
        "url": "",
        "uuid": "",
        "value": "4",
      },
      {
        "content": [],
        "contenttype": "",
        "data": {
          "end_date": "2025-02-14",
          "full_day": "true",
          "public": "true",
          "publish": "2024-02-09T10:30:00Z",
          "start": "2025-02-13T23:00:00.000Z",
          "start_date": "2025-02-14",
        },
        "id": "uuid-18",
        "links": [
          {
            "content": [],
            "contenttype": "",
            "data": {},
            "id": "",
            "links": [],
            "meta": [],
            "name": "",
            "rel": "deliverable",
            "role": "",
            "sensitivity": "",
            "title": "",
            "type": "core/article",
            "uri": "",
            "url": "",
            "uuid": "uuid-11",
            "value": "",
          },
        ],
        "meta": [
          {
            "content": [],
            "contenttype": "",
            "data": {},
            "id": "",
            "links": [],
            "meta": [],
            "name": "",
            "rel": "",
            "role": "",
            "sensitivity": "",
            "title": "",
            "type": "core/assignment-type",
            "uri": "",
            "url": "",
            "uuid": "",
            "value": "text",
          },
        ],
        "name": "",
        "rel": "",
        "role": "",
        "sensitivity": "",
        "title": "",
        "type": "core/assignment",
        "uri": "",
        "url": "",
        "uuid": "",
        "value": "",
      },
    ],
    "title": "",
    "type": "core/planning-item",
    "uri": "core://newscoverage/uuid-1",
    "url": "",
    "uuid": "uuid-1",
  },
  "isMetaDocument": false,
  "mainDocument": "",
  "version": 0n,
}
`;

exports[`createArticle > should match planning snapshot 1`] = `
{
  "document": {
    "content": [],
    "language": "sv-se",
    "links": [],
    "meta": [
      {
        "content": [],
        "contenttype": "",
        "data": {
          "end_date": "2025-02-14",
          "public": "true",
          "start_date": "2025-02-14",
          "tentative": "false",
        },
        "id": "",
        "links": [],
        "meta": [],
        "name": "",
        "rel": "",
        "role": "",
        "sensitivity": "",
        "title": "",
        "type": "core/planning-item",
        "uri": "",
        "url": "",
        "uuid": "",
        "value": "",
      },
      {
        "content": [],
        "contenttype": "",
        "data": {},
        "id": "",
        "links": [],
        "meta": [],
        "name": "",
        "rel": "",
        "role": "",
        "sensitivity": "",
        "title": "",
        "type": "core/newsvalue",
        "uri": "",
        "url": "",
        "uuid": "",
        "value": "4",
      },
      {
        "content": [],
        "contenttype": "",
        "data": {
          "end_date": "2025-02-14",
          "full_day": "true",
          "public": "true",
          "publish": "2024-02-09T10:30:00Z",
          "start": "2025-02-13T23:00:00.000Z",
          "start_date": "2025-02-14",
        },
        "id": "uuid-18",
        "links": [
          {
            "content": [],
            "contenttype": "",
            "data": {},
            "id": "",
            "links": [],
            "meta": [],
            "name": "",
            "rel": "deliverable",
            "role": "",
            "sensitivity": "",
            "title": "",
            "type": "core/article",
            "uri": "",
            "url": "",
            "uuid": "uuid-11",
            "value": "",
          },
        ],
        "meta": [
          {
            "content": [],
            "contenttype": "",
            "data": {},
            "id": "",
            "links": [],
            "meta": [],
            "name": "",
            "rel": "",
            "role": "",
            "sensitivity": "",
            "title": "",
            "type": "core/assignment-type",
            "uri": "",
            "url": "",
            "uuid": "",
            "value": "text",
          },
        ],
        "name": "",
        "rel": "",
        "role": "",
        "sensitivity": "",
        "title": "",
        "type": "core/assignment",
        "uri": "",
        "url": "",
        "uuid": "",
        "value": "",
      },
    ],
    "title": "",
    "type": "core/planning-item",
    "uri": "core://newscoverage/uuid-1",
    "url": "",
    "uuid": "uuid-1",
  },
  "isMetaDocument": false,
  "mainDocument": "",
  "version": 0n,
}
`;
