// Vitest Snapshot v1, https://vitest.dev/guide/snapshot.html

exports[`Transform full article newsdoc document to internal YDoc representation > handles article document 1`] = `
{
  "content": "10|000 liter mjölk läckte vid E6En stor mängd mjölk spilldes över vägbanan i samband med en olycka i Falkenberg. Arkivbild.John Doe/TTTrafikOmkring 10|000 liter mjölk läckte ut på vägbanan när en tankbil välte på en avfart från E6 i Falkenberg natten till onsdag, rapporterar Göteborgs-Posten.– Det är många mjölkpaket, säger Peter Karlborg, inre befäl vid räddningstjänsten, till tidningen.Föraren skadades inte i olyckan. Avfarten stängdes av i norrgående riktning medan olyckan hanterades. Den spillda mjölken krävde ingen åtgärd.– Det är ingen tjäle nu och det finns inga vattendrag i närheten, så mjölken går ner i marken bara, säger Karlborg.",
  "links": {
    "core/assignment": [
      {
        "content": {},
        "contentType": "",
        "data": {},
        "id": "",
        "links": {},
        "meta": {},
        "name": "",
        "rel": "assignment",
        "role": "",
        "title": "",
        "type": "core/assignment",
        "uri": "",
        "url": "",
        "uuid": "21543138-859a-49a8-ad9e-2c10dc2d33b1",
        "value": "",
      },
    ],
    "core/content-source": [
      {
        "content": {},
        "contentType": "",
        "data": {},
        "id": "",
        "links": {},
        "meta": {},
        "name": "",
        "rel": "source",
        "role": "",
        "title": "",
        "type": "core/content-source",
        "uri": "tt://content-source/tt",
        "url": "",
        "uuid": "",
        "value": "",
      },
    ],
    "core/section": [
      {
        "content": {},
        "contentType": "",
        "data": {},
        "id": "",
        "links": {},
        "meta": {},
        "name": "",
        "rel": "subject",
        "role": "",
        "title": "Inrikes",
        "type": "core/section",
        "uri": "",
        "url": "",
        "uuid": "956636ed-2687-4bc3-a45a-7e09d98c6eeb",
        "value": "",
      },
    ],
  },
  "meta": {
    "core/newsvalue": [
      {
        "content": {},
        "contentType": "",
        "data": {
          "duration": "86400",
          "score": "2",
        },
        "id": "",
        "links": {},
        "meta": {},
        "name": "",
        "rel": "",
        "role": "",
        "title": "",
        "type": "core/newsvalue",
        "uri": "",
        "url": "",
        "uuid": "",
        "value": "",
      },
    ],
    "tt/slugline": [
      {
        "content": {},
        "contentType": "",
        "data": {},
        "id": "",
        "links": {},
        "meta": {},
        "name": "",
        "rel": "",
        "role": "",
        "title": "",
        "type": "tt/slugline",
        "uri": "",
        "url": "",
        "uuid": "",
        "value": "mjölkolycka",
      },
    ],
  },
  "root": {
    "language": "sv",
    "title": "mjölkolycka",
    "type": "core/article",
    "uri": "core://article/5a848227-902b-425b-843e-0dd2cd67894b",
    "url": "",
    "uuid": "5a848227-902b-425b-843e-0dd2cd67894b",
  },
}
`;

exports[`Transform full planning newsdoc document to internal YDoc representation > handles transformation of planning document 1`] = `
{
  "content": "",
  "links": {
    "core/section": [
      {
        "content": {},
        "contentType": "",
        "data": {},
        "id": "",
        "links": {},
        "meta": {},
        "name": "",
        "rel": "section",
        "role": "",
        "title": "Sport",
        "type": "core/section",
        "uri": "",
        "url": "",
        "uuid": "a36ff853-9fb3-5950-8893-64ac699f5481",
        "value": "",
      },
    ],
  },
  "meta": {
    "core/assignment": [
      {
        "content": {},
        "contentType": "",
        "data": {
          "end": "2024-02-09T22:59:59Z",
          "end_date": "2024-02-09",
          "full_day": "true",
          "public": "true",
          "publish": "2024-02-09T10:30:00Z",
          "start": "2024-02-08T23:00:00Z",
          "start_date": "2024-02-09",
        },
        "id": "97464374-3d0c-44b9-9126-f5efadbd32a7",
        "links": {
          "core/article": [
            {
              "content": {},
              "contentType": "",
              "data": {},
              "id": "",
              "links": {},
              "meta": {},
              "name": "",
              "rel": "deliverable",
              "role": "",
              "title": "",
              "type": "core/article",
              "uri": "",
              "url": "",
              "uuid": "f283c9a0-6a2e-4021-a009-087961dd032f",
              "value": "",
            },
            {
              "content": {},
              "contentType": "",
              "data": {},
              "id": "",
              "links": {},
              "meta": {},
              "name": "",
              "rel": "deliverable",
              "role": "",
              "title": "",
              "type": "core/article",
              "uri": "",
              "url": "",
              "uuid": "fa5e6fbf-c03d-4447-8a1f-550176979a48",
              "value": "",
            },
          ],
          "core/author": [
            {
              "content": {},
              "contentType": "",
              "data": {},
              "id": "",
              "links": {},
              "meta": {},
              "name": "John Doe/TT",
              "rel": "assignee",
              "role": "primary",
              "title": "",
              "type": "core/author",
              "uri": "",
              "url": "",
              "uuid": "c37fdf3e-72ff-4e22-8b9f-1af0d60b0cd9",
              "value": "",
            },
            {
              "content": {},
              "contentType": "",
              "data": {},
              "id": "",
              "links": {},
              "meta": {},
              "name": "Jane Doe/TT",
              "rel": "assignee",
              "role": "primary",
              "title": "",
              "type": "core/author",
              "uri": "",
              "url": "",
              "uuid": "f23c55de-5e52-428e-9ed7-0cdc0921f60a",
              "value": "",
            },
          ],
        },
        "meta": {
          "core/assignment-type": [
            {
              "content": {},
              "contentType": "",
              "data": {},
              "id": "",
              "links": {},
              "meta": {},
              "name": "",
              "rel": "",
              "role": "",
              "title": "",
              "type": "core/assignment-type",
              "uri": "",
              "url": "",
              "uuid": "",
              "value": "text",
            },
          ],
          "core/description": [
            {
              "content": [],
              "contentType": "",
              "data": {
                "text": "",
              },
              "id": "",
              "links": [],
              "meta": [],
              "name": "",
              "rel": "",
              "role": "public",
              "title": "",
              "type": "core/description",
              "uri": "",
              "url": "",
              "uuid": "",
              "value": "",
            },
            {
              "content": [],
              "contentType": "",
              "data": {
                "text": "",
              },
              "id": "",
              "links": [],
              "meta": [],
              "name": "",
              "rel": "",
              "role": "internal",
              "title": "",
              "type": "core/description",
              "uri": "",
              "url": "",
              "uuid": "",
              "value": "",
            },
          ],
          "tt/slugline": [
            {
              "content": {},
              "contentType": "",
              "data": {},
              "id": "",
              "links": {},
              "meta": {},
              "name": "",
              "rel": "",
              "role": "",
              "title": "",
              "type": "tt/slugline",
              "uri": "",
              "url": "",
              "uuid": "",
              "value": "lands-tomasson",
            },
          ],
        },
        "name": "",
        "rel": "",
        "role": "",
        "title": "Kortare text utsänd. Uppdateras",
        "type": "core/assignment",
        "uri": "",
        "url": "",
        "uuid": "",
        "value": "",
      },
      {
        "content": {},
        "contentType": "",
        "data": {
          "end": "2024-02-09T22:59:59Z",
          "end_date": "2024-02-09",
          "full_day": "true",
          "public": "true",
          "publish": "2024-02-09T10:30:00Z",
          "start": "2024-02-08T23:00:00Z",
          "start_date": "2024-02-09",
        },
        "id": "97464374-3d0c-44b9-9126-f5efadbd32a6",
        "links": {
          "core/article": [
            {
              "content": {},
              "contentType": "",
              "data": {},
              "id": "",
              "links": {},
              "meta": {},
              "name": "",
              "rel": "deliverable",
              "role": "",
              "title": "",
              "type": "core/article",
              "uri": "",
              "url": "",
              "uuid": "f283c9a0-6a2e-4021-a009-087961dd032f",
              "value": "",
            },
            {
              "content": {},
              "contentType": "",
              "data": {},
              "id": "",
              "links": {},
              "meta": {},
              "name": "",
              "rel": "deliverable",
              "role": "",
              "title": "",
              "type": "core/article",
              "uri": "",
              "url": "",
              "uuid": "fa5e6fbf-c03d-4447-8a1f-550176979a48",
              "value": "",
            },
          ],
          "core/author": [
            {
              "content": {},
              "contentType": "",
              "data": {},
              "id": "",
              "links": {},
              "meta": {},
              "name": "John Doe/TT",
              "rel": "assignee",
              "role": "primary",
              "title": "",
              "type": "core/author",
              "uri": "",
              "url": "",
              "uuid": "c37fdf3e-72ff-4e22-8b9f-1af0d60b0cd9",
              "value": "",
            },
            {
              "content": {},
              "contentType": "",
              "data": {},
              "id": "",
              "links": {},
              "meta": {},
              "name": "Jane Doe/TT",
              "rel": "assignee",
              "role": "primary",
              "title": "",
              "type": "core/author",
              "uri": "",
              "url": "",
              "uuid": "f23c55de-5e52-428e-9ed7-0cdc0921f60a",
              "value": "",
            },
          ],
        },
        "meta": {
          "core/assignment-type": [
            {
              "content": {},
              "contentType": "",
              "data": {},
              "id": "",
              "links": {},
              "meta": {},
              "name": "",
              "rel": "",
              "role": "",
              "title": "",
              "type": "core/assignment-type",
              "uri": "",
              "url": "",
              "uuid": "",
              "value": "text",
            },
          ],
          "core/description": [
            {
              "content": [],
              "contentType": "",
              "data": {
                "text": "",
              },
              "id": "",
              "links": [],
              "meta": [],
              "name": "",
              "rel": "",
              "role": "public",
              "title": "",
              "type": "core/description",
              "uri": "",
              "url": "",
              "uuid": "",
              "value": "",
            },
            {
              "content": [],
              "contentType": "",
              "data": {
                "text": "",
              },
              "id": "",
              "links": [],
              "meta": [],
              "name": "",
              "rel": "",
              "role": "internal",
              "title": "",
              "type": "core/description",
              "uri": "",
              "url": "",
              "uuid": "",
              "value": "",
            },
          ],
          "tt/slugline": [
            {
              "content": [],
              "contentType": "",
              "data": {},
              "id": "",
              "links": [],
              "meta": [],
              "name": "",
              "rel": "",
              "role": "",
              "title": "",
              "type": "tt/slugline",
              "uri": "",
              "url": "",
              "uuid": "",
              "value": "",
            },
          ],
        },
        "name": "",
        "rel": "",
        "role": "",
        "title": "Assignment 2",
        "type": "core/assignment",
        "uri": "",
        "url": "",
        "uuid": "",
        "value": "",
      },
    ],
    "core/description": [
      {
        "content": [],
        "contentType": "",
        "data": {
          "text": "",
        },
        "id": "",
        "links": [],
        "meta": [],
        "name": "",
        "rel": "",
        "role": "public",
        "title": "",
        "type": "core/description",
        "uri": "",
        "url": "",
        "uuid": "",
        "value": "",
      },
      {
        "content": [],
        "contentType": "",
        "data": {
          "text": "",
        },
        "id": "",
        "links": [],
        "meta": [],
        "name": "",
        "rel": "",
        "role": "internal",
        "title": "",
        "type": "core/description",
        "uri": "",
        "url": "",
        "uuid": "",
        "value": "",
      },
    ],
    "core/newsvalue": [
      {
        "content": {},
        "contentType": "",
        "data": {},
        "id": "",
        "links": {},
        "meta": {},
        "name": "",
        "rel": "",
        "role": "",
        "title": "",
        "type": "core/newsvalue",
        "uri": "",
        "url": "",
        "uuid": "",
        "value": "4",
      },
    ],
    "core/planning-item": [
      {
        "content": {},
        "contentType": "",
        "data": {
          "end_date": "2024-02-09",
          "public": "true",
          "start_date": "2024-02-09",
          "tentative": "false",
        },
        "id": "",
        "links": {},
        "meta": {},
        "name": "",
        "rel": "",
        "role": "",
        "title": "",
        "type": "core/planning-item",
        "uri": "",
        "url": "",
        "uuid": "",
        "value": "",
      },
    ],
    "tt/slugline": [
      {
        "content": [],
        "contentType": "",
        "data": {},
        "id": "",
        "links": [],
        "meta": [],
        "name": "",
        "rel": "",
        "role": "",
        "title": "",
        "type": "tt/slugline",
        "uri": "",
        "url": "",
        "uuid": "",
        "value": "",
      },
    ],
  },
  "root": {
    "language": "sv-se",
    "title": "Tomasson lämnar Blackburn – för landslaget?",
    "type": "core/planning-item",
    "uri": "core://newscoverage/726045e7-a52b-4737-8fba-c8149f7e2c2d",
    "url": "",
    "uuid": "726045e7-a52b-4737-8fba-c8149f7e2c2d",
  },
}
`;
